Watching for file changes with StatReloader
Performing system checks...

System check identified some issues:

WARNINGS:
todos.Todo: (models.W042) Auto-created primary key used when not defining a primary key type, by default 'django.db.models.AutoField'.
	HINT: Configure the DEFAULT_AUTO_FIELD setting or the TodosConfig.default_auto_field attribute to point to a subclass of AutoField, e.g. 'django.db.models.BigAutoField'.

System check identified 1 issue (0 silenced).

You have 1 unapplied migration(s). Your project may not work properly until you apply the migrations for app(s): auth.
Run 'python manage.py migrate' to apply them.
February 19, 2025 - 17:42:41
Django version 4.2.11, using settings 'todoApp.settings'
Starting development server at http://0.0.0.0:8001/
Quit the server with CONTROL-C.

[19/Feb/2025 17:43:42] "GET /todos/ HTTP/1.1" 200 3515
[19/Feb/2025 17:43:42] "GET /static/css/style.css HTTP/1.1" 304 0
[19/Feb/2025 17:49:22,781] - Broken pipe from ('206.168.34.74', 52736)
[19/Feb/2025 17:49:23] code 400, message Bad HTTP/0.9 request type ('\x16\x03\x01\x00î\x01\x00\x00ê\x03\x03\x1b¡N\x99puÙ\x92t0')
[19/Feb/2025 17:49:23] You're accessing the development server over HTTPS, but it only supports HTTP.
[19/Feb/2025 17:49:28] "GET / HTTP/1.1" 302 0
[19/Feb/2025 17:49:34,875] - Broken pipe from ('206.168.34.74', 52752)
[19/Feb/2025 17:49:39] "GET / HTTP/1.1" 302 0
[19/Feb/2025 17:49:40] code 505, message Invalid HTTP version (2.0)
[19/Feb/2025 17:49:40] "PRI * HTTP/2.0" 505 -
[19/Feb/2025 17:49:43] "GET /todos HTTP/1.1" 301 0
[19/Feb/2025 17:49:43] code 505, message Invalid HTTP version (2.0)
[19/Feb/2025 17:49:43] "PRI * HTTP/2.0" 505 -
[19/Feb/2025 17:49:47] "GET /todos/ HTTP/1.1" 200 3515
Not Found: /favicon.ico
[19/Feb/2025 17:49:47] "GET /favicon.ico HTTP/1.1" 404 2574
[19/Feb/2025 17:49:47] code 505, message Invalid HTTP version (2.0)
[19/Feb/2025 17:49:47] "PRI * HTTP/2.0" 505 -
[19/Feb/2025 18:08:36] "GET /todos/ HTTP/1.1" 200 3515
[19/Feb/2025 18:08:36] "GET /static/css/style.css HTTP/1.1" 304 0
